/data/users/danross/MAG_Pipeline/pipeline_test/tutorial/work/conda/env-09fa064dad237af13d4e01487014dd7a/bin/quast.py -t 1 --rna-finding --min-identity 90.0 ERR011348_assembly.fa -o /data/users/danross/MAG_Pipeline/pipeline_test/tutorial/work/77/80b27ef8be2373021c610c8e3df445/ERR011348 --labels ERR011348_MEGAHIT

Version: 5.3.0

System information:
  OS: Linux-6.8.0-87-generic-x86_64-with-glibc2.35 (linux_64)
  Python version: 3.13.13
  CPUs number: 16

Started: 2026-05-25 16:05:52

Logging to /data/users/danross/MAG_Pipeline/pipeline_test/tutorial/work/77/80b27ef8be2373021c610c8e3df445/ERR011348/quast.log
NOTICE: Output directory already exists and looks like a QUAST output dir. Existing results can be reused (e.g. previously generated alignments)!

CWD: /data/users/danross/MAG_Pipeline/pipeline_test/tutorial/work/77/80b27ef8be2373021c610c8e3df445
Main parameters: 
  MODE: meta, threads: 1, min contig length: 500, min alignment length: 65, min alignment IDY: 90.0, \
  ambiguity: one, min local misassembly length: 200, min extensive misassembly length: 1000

Contigs:
  Pre-processing...
  ERR011348_assembly.fa ==> ERR011348_MEGAHIT

2026-05-25 16:05:54
Running Basic statistics processor...
  Contig files: 
    ERR011348_MEGAHIT
  Calculating N50 and L50...
    ERR011348_MEGAHIT, N50 = 2038, L50 = 7195, auN = 5557.6, Total length = 66886834, GC % = 45.39, # N's per 100 kbp =  0.00
  Drawing Nx plot...
    saved to /data/users/danross/MAG_Pipeline/pipeline_test/tutorial/work/77/80b27ef8be2373021c610c8e3df445/ERR011348/basic_stats/Nx_plot.pdf
  Drawing cumulative plot...
    saved to /data/users/danross/MAG_Pipeline/pipeline_test/tutorial/work/77/80b27ef8be2373021c610c8e3df445/ERR011348/basic_stats/cumulative_plot.pdf
  Drawing GC content plot...
    saved to /data/users/danross/MAG_Pipeline/pipeline_test/tutorial/work/77/80b27ef8be2373021c610c8e3df445/ERR011348/basic_stats/GC_content_plot.pdf
  Drawing ERR011348_MEGAHIT GC content plot...
    saved to /data/users/danross/MAG_Pipeline/pipeline_test/tutorial/work/77/80b27ef8be2373021c610c8e3df445/ERR011348/basic_stats/ERR011348_MEGAHIT_GC_content_plot.pdf
Done.

NOTICE: Genes are not predicted by default. Use --gene-finding or --glimmer option to enable it.

2026-05-25 16:05:56
Running Barrnap...
Logging to /data/users/danross/MAG_Pipeline/pipeline_test/tutorial/work/77/80b27ef8be2373021c610c8e3df445/ERR011348/predicted_genes/barrnap.log...
/data/users/danross/MAG_Pipeline/pipeline_test/tutorial/work/conda/env-09fa064dad237af13d4e01487014dd7a/lib/python3.13/site-packages/quast_libs/barrnap/bin/barrnap \
--quiet -k bac --threads 1 ERR011348/quast_corrected_input/ERR011348_MEGAHIT.fa > \
ERR011348/predicted_genes/ERR011348_MEGAHIT.rna.gff 2>> ERR011348/predicted_genes/barrnap.log
    Ribosomal RNA genes = 44
    Predicted genes (GFF): /data/users/danross/MAG_Pipeline/pipeline_test/tutorial/work/77/80b27ef8be2373021c610c8e3df445/ERR011348/predicted_genes/ERR011348_MEGAHIT.rna.gff
Done.

2026-05-25 16:06:35
Creating large visual summaries...
This may take a while: press Ctrl-C to skip this step..
  1 of 2: Creating PDF with all tables and plots...
  2 of 2: Creating Icarus viewers...
Done

2026-05-25 16:06:36
RESULTS:
  Text versions of total report are saved to /data/users/danross/MAG_Pipeline/pipeline_test/tutorial/work/77/80b27ef8be2373021c610c8e3df445/ERR011348/report.txt, report.tsv, and report.tex
  Text versions of transposed total report are saved to /data/users/danross/MAG_Pipeline/pipeline_test/tutorial/work/77/80b27ef8be2373021c610c8e3df445/ERR011348/transposed_report.txt, transposed_report.tsv, and transposed_report.tex
  HTML version (interactive tables and plots) is saved to /data/users/danross/MAG_Pipeline/pipeline_test/tutorial/work/77/80b27ef8be2373021c610c8e3df445/ERR011348/report.html
  PDF version (tables and plots) is saved to /data/users/danross/MAG_Pipeline/pipeline_test/tutorial/work/77/80b27ef8be2373021c610c8e3df445/ERR011348/report.pdf
  Icarus (contig browser) is saved to /data/users/danross/MAG_Pipeline/pipeline_test/tutorial/work/77/80b27ef8be2373021c610c8e3df445/ERR011348/icarus.html
  Log is saved to /data/users/danross/MAG_Pipeline/pipeline_test/tutorial/work/77/80b27ef8be2373021c610c8e3df445/ERR011348/quast.log

Finished: 2026-05-25 16:06:36
Elapsed time: 0:00:43.352698
NOTICEs: 2; WARNINGs: 0; non-fatal ERRORs: 0

Thank you for using QUAST!
